error[E0277]: the trait bound `usize: GlobalAlloc` is not satisfied
  --> $DIR/not-an-allocator.rs:2:11
   |
LL | #[global_allocator]
   | ------------------- in this procedural macro expansion
LL | static A: usize = 0;
   |           ^^^^^ the trait `GlobalAlloc` is not implemented for `usize`
  --> $SRC_DIR/core/src/macros/mod.rs:LL:COL
   |
   = note: in this expansion of `#[global_allocator]`
   |
   = help: the trait `GlobalAlloc` is implemented for `System`

error[E0277]: the trait bound `usize: GlobalAlloc` is not satisfied
  --> $DIR/not-an-allocator.rs:2:11
   |
LL | #[global_allocator]
   | ------------------- in this procedural macro expansion
LL | static A: usize = 0;
   |           ^^^^^ the trait `GlobalAlloc` is not implemented for `usize`
  --> $SRC_DIR/core/src/macros/mod.rs:LL:COL
   |
   = note: in this expansion of `#[global_allocator]`
   |
   = help: the trait `GlobalAlloc` is implemented for `System`

error[E0277]: the trait bound `usize: GlobalAlloc` is not satisfied
  --> $DIR/not-an-allocator.rs:2:11
   |
LL | #[global_allocator]
   | ------------------- in this procedural macro expansion
LL | static A: usize = 0;
   |           ^^^^^ the trait `GlobalAlloc` is not implemented for `usize`
  --> $SRC_DIR/core/src/macros/mod.rs:LL:COL
   |
   = note: in this expansion of `#[global_allocator]`
   |
   = help: the trait `GlobalAlloc` is implemented for `System`

error[E0277]: the trait bound `usize: GlobalAlloc` is not satisfied
  --> $DIR/not-an-allocator.rs:2:11
   |
LL | #[global_allocator]
   | ------------------- in this procedural macro expansion
LL | static A: usize = 0;
   |           ^^^^^ the trait `GlobalAlloc` is not implemented for `usize`
  --> $SRC_DIR/core/src/macros/mod.rs:LL:COL
   |
   = note: in this expansion of `#[global_allocator]`
   |
   = help: the trait `GlobalAlloc` is implemented for `System`

error: aborting due to 4 previous errors

For more information about this error, try `rustc --explain E0277`.
