error: unreachable statement
  --> $SRC_DIR/std/src/macros.rs:LL:COL
   |
   = note: in this expansion of `println!`
  ::: $SRC_DIR/std/src/macros.rs:LL:COL
   |
   = note: unreachable statement
   |
  ::: $DIR/closure-bang.rs:5:5
   |
LL |       x();
   |       --- any code following this expression is unreachable
LL |       println!("Foo bar");
   |       ------------------- in this macro invocation
   |
note: the lint level is defined here
  --> $DIR/closure-bang.rs:1:9
   |
LL | #![deny(unreachable_code)]
   |         ^^^^^^^^^^^^^^^^

error: aborting due to previous error

