error[E0109]: type arguments are not allowed on type parameter `Irrelevant`
  --> $DIR/issue-97343.rs:4:23
   |
LL | #[derive(Debug)]
   |          -----
   |          |
   |          not allowed on type parameter `Irrelevant`
   |          in this derive macro expansion
LL | pub struct Irrelevant<Irrelevant> {
   |                       ^^^^^^^^^^ type argument not allowed
  --> $SRC_DIR/core/src/fmt/mod.rs:LL:COL
   |
   = note: in this expansion of `#[derive(Debug)]`
   |
note: type parameter `Irrelevant` defined here
  --> $DIR/issue-97343.rs:4:23
   |
LL | pub struct Irrelevant<Irrelevant> {
   |                       ^^^^^^^^^^

error: aborting due to previous error

For more information about this error, try `rustc --explain E0109`.
