error[E0716]: temporary value dropped while borrowed
  --> $SRC_DIR/alloc/src/macros.rs:LL:COL
   |
   = note: in this expansion of `vec!`
  ::: $SRC_DIR/alloc/src/macros.rs:LL:COL
   |
   = note: creates a temporary value which is freed while still in use
   |
  ::: $DIR/borrowck-borrowed-uniq-rvalue-2.rs:20:46
   |
LL |       let x = defer(&vec!["Goodbye", "world!"]);
   |                      ------------------------- - temporary value is freed at the end of this statement
   |                      |
   |                      in this macro invocation
LL |       x.x[0];
   |       ------ borrow later used here
   |
   = note: consider using a `let` binding to create a longer lived value

error: aborting due to previous error

For more information about this error, try `rustc --explain E0716`.
