error[E0080]: evaluation of constant value failed
  --> $SRC_DIR/core/src/panic.rs:LL:COL
   |
   = note: in this expansion of `$crate::panic::panic_2021!` (#2)
  ::: $SRC_DIR/core/src/panic.rs:LL:COL
   |
   = note: the evaluated program panicked at 'blåhaj', $DIR/const_panic_2021.rs:6:15
  --> $SRC_DIR/std/src/macros.rs:LL:COL
   |
   = note: in this expansion of `std::panic!` (#1)
   |
  ::: $DIR/const_panic_2021.rs:6:15
   |
LL | const A: () = std::panic!("blåhaj");
   |               ---------------------
   |               |
   |               in this macro invocation (#1)
   |               in this macro invocation (#2)

error[E0080]: evaluation of constant value failed
  --> $SRC_DIR/core/src/panic.rs:LL:COL
   |
   = note: in this expansion of `$crate::panic::panic_2021!` (#2)
  ::: $SRC_DIR/core/src/panic.rs:LL:COL
   |
   = note: the evaluated program panicked at 'explicit panic', $DIR/const_panic_2021.rs:9:15
  --> $SRC_DIR/std/src/macros.rs:LL:COL
   |
   = note: in this expansion of `std::panic!` (#1)
   |
  ::: $DIR/const_panic_2021.rs:9:15
   |
LL | const B: () = std::panic!();
   |               -------------
   |               |
   |               in this macro invocation (#1)
   |               in this macro invocation (#2)

error[E0080]: evaluation of constant value failed
  --> $SRC_DIR/core/src/panic.rs:LL:COL
   |
   = note: in this expansion of `$crate::panic::unreachable_2021!` (#2)
  ::: $SRC_DIR/core/src/panic.rs:LL:COL
   |
   = note: the evaluated program panicked at 'internal error: entered unreachable code', $DIR/const_panic_2021.rs:12:15
  --> $SRC_DIR/core/src/macros/mod.rs:LL:COL
   |
   = note: in this expansion of `std::unreachable!` (#1)
   |
  ::: $DIR/const_panic_2021.rs:12:15
   |
LL | const C: () = std::unreachable!();
   |               -------------------
   |               |
   |               in this macro invocation (#1)
   |               in this macro invocation (#2)

error[E0080]: evaluation of constant value failed
  --> $SRC_DIR/core/src/macros/mod.rs:LL:COL
   |
   = note: in this expansion of `std::unimplemented!`
  ::: $SRC_DIR/core/src/macros/mod.rs:LL:COL
   |
   = note: the evaluated program panicked at 'not implemented', $DIR/const_panic_2021.rs:15:15
   |
  ::: $DIR/const_panic_2021.rs:15:15
   |
LL | const D: () = std::unimplemented!();
   |               --------------------- in this macro invocation

error[E0080]: evaluation of constant value failed
  --> $SRC_DIR/core/src/panic.rs:LL:COL
   |
   = note: in this expansion of `$crate::panic::panic_2021!` (#2)
  ::: $SRC_DIR/core/src/panic.rs:LL:COL
   |
   = note: the evaluated program panicked at 'hello', $DIR/const_panic_2021.rs:18:15
  --> $SRC_DIR/std/src/macros.rs:LL:COL
   |
   = note: in this expansion of `std::panic!` (#1)
   |
  ::: $DIR/const_panic_2021.rs:18:15
   |
LL | const E: () = std::panic!("{}", MSG);
   |               ----------------------
   |               |
   |               in this macro invocation (#1)
   |               in this macro invocation (#2)

error[E0080]: evaluation of constant value failed
  --> $SRC_DIR/core/src/panic.rs:LL:COL
   |
   = note: in this expansion of `$crate::panic::panic_2021!` (#2)
  ::: $SRC_DIR/core/src/panic.rs:LL:COL
   |
   = note: the evaluated program panicked at 'shark', $DIR/const_panic_2021.rs:21:20
  --> $SRC_DIR/core/src/macros/mod.rs:LL:COL
   |
   = note: in this expansion of `core::panic!` (#1)
   |
  ::: $DIR/const_panic_2021.rs:21:20
   |
LL | const A_CORE: () = core::panic!("shark");
   |                    ---------------------
   |                    |
   |                    in this macro invocation (#1)
   |                    in this macro invocation (#2)

error[E0080]: evaluation of constant value failed
  --> $SRC_DIR/core/src/panic.rs:LL:COL
   |
   = note: in this expansion of `$crate::panic::panic_2021!` (#2)
  ::: $SRC_DIR/core/src/panic.rs:LL:COL
   |
   = note: the evaluated program panicked at 'explicit panic', $DIR/const_panic_2021.rs:24:20
  --> $SRC_DIR/core/src/macros/mod.rs:LL:COL
   |
   = note: in this expansion of `core::panic!` (#1)
   |
  ::: $DIR/const_panic_2021.rs:24:20
   |
LL | const B_CORE: () = core::panic!();
   |                    --------------
   |                    |
   |                    in this macro invocation (#1)
   |                    in this macro invocation (#2)

error[E0080]: evaluation of constant value failed
  --> $SRC_DIR/core/src/panic.rs:LL:COL
   |
   = note: in this expansion of `$crate::panic::unreachable_2021!` (#2)
  ::: $SRC_DIR/core/src/panic.rs:LL:COL
   |
   = note: the evaluated program panicked at 'internal error: entered unreachable code', $DIR/const_panic_2021.rs:27:20
  --> $SRC_DIR/core/src/macros/mod.rs:LL:COL
   |
   = note: in this expansion of `core::unreachable!` (#1)
   |
  ::: $DIR/const_panic_2021.rs:27:20
   |
LL | const C_CORE: () = core::unreachable!();
   |                    --------------------
   |                    |
   |                    in this macro invocation (#1)
   |                    in this macro invocation (#2)

error[E0080]: evaluation of constant value failed
  --> $SRC_DIR/core/src/macros/mod.rs:LL:COL
   |
   = note: in this expansion of `core::unimplemented!`
  ::: $SRC_DIR/core/src/macros/mod.rs:LL:COL
   |
   = note: the evaluated program panicked at 'not implemented', $DIR/const_panic_2021.rs:30:20
   |
  ::: $DIR/const_panic_2021.rs:30:20
   |
LL | const D_CORE: () = core::unimplemented!();
   |                    ---------------------- in this macro invocation

error[E0080]: evaluation of constant value failed
  --> $SRC_DIR/core/src/panic.rs:LL:COL
   |
   = note: in this expansion of `$crate::panic::panic_2021!` (#2)
  ::: $SRC_DIR/core/src/panic.rs:LL:COL
   |
   = note: the evaluated program panicked at 'hello', $DIR/const_panic_2021.rs:33:20
  --> $SRC_DIR/core/src/macros/mod.rs:LL:COL
   |
   = note: in this expansion of `core::panic!` (#1)
   |
  ::: $DIR/const_panic_2021.rs:33:20
   |
LL | const E_CORE: () = core::panic!("{}", MSG);
   |                    -----------------------
   |                    |
   |                    in this macro invocation (#1)
   |                    in this macro invocation (#2)

error: aborting due to 10 previous errors

For more information about this error, try `rustc --explain E0080`.
