error[E0381]: used binding `cfg_res` is possibly-uninitialized
  --> $SRC_DIR/core/src/macros/mod.rs:LL:COL
   |
   = note: in this expansion of `assert_eq!`
  ::: $SRC_DIR/core/src/macros/mod.rs:LL:COL
   |
   = note: `cfg_res` used here but it is possibly-uninitialized
   |
  ::: $DIR/try-block-opt-init.rs:8:9
   |
LL |     let cfg_res;
   |         ------- binding declared here but left uninitialized
...
LL |         cfg_res = 5;
   |         ----------- binding initialized here in some conditions
...
LL |     assert_eq!(cfg_res, 5);
   |     ---------------------- in this macro invocation

error: aborting due to previous error

For more information about this error, try `rustc --explain E0381`.
