error: no rules expected the token `enum E {}`
  --> $DIR/nonterminal-matching.rs:19:10
   |
LL | / macro complex_nonterminal($nt_item: item) {
LL | |     macro n(a $nt_item b) {
   | |     --------------------- when calling this macro
LL | |         struct S;
LL | |     }
LL | |
LL | |     n!(a $nt_item b);
   | |          ^^^^^^^^ no rules expected this token in macro call
LL | | }
   | |_- in this expansion of `complex_nonterminal!`
...
LL |   complex_nonterminal!(enum E {});
   |   ------------------------------- in this macro invocation
   |
note: while trying to match `enum E {}`
  --> $DIR/nonterminal-matching.rs:15:15
   |
LL | / macro complex_nonterminal($nt_item: item) {
LL | |     macro n(a $nt_item b) {
   | |               ^^^^^^^^
LL | |         struct S;
LL | |     }
LL | |
LL | |     n!(a $nt_item b);
LL | | }
   | |_- in this expansion of `complex_nonterminal!`
...
LL |   complex_nonterminal!(enum E {});
   |   ------------------------------- in this macro invocation
   = note: captured metavariables except for `:tt`, `:ident` and `:lifetime` cannot be compared to other tokens
   = note: see <https://doc.rust-lang.org/nightly/reference/macros-by-example.html#forwarding-a-matched-fragment> for more information
   = help: try using `:tt` instead in the macro definition

error: aborting due to previous error

