error: argument to `panic!()` in a const context must have type `&str`
  --> $SRC_DIR/std/src/panic.rs:LL:COL
   |
   = note: in this expansion of `$crate::panic::panic_2015!` (#2)
   |
  ::: $DIR/issue-66693.rs:4:15
   |
LL | const _: () = panic!(1);
   |               ---------
   |               |
   |               in this macro invocation (#1)
   |               in this macro invocation (#2)
  --> $SRC_DIR/std/src/macros.rs:LL:COL
   |
   = note: in this expansion of `panic!` (#1)

error: argument to `panic!()` in a const context must have type `&str`
  --> $SRC_DIR/std/src/panic.rs:LL:COL
   |
   = note: in this expansion of `$crate::panic::panic_2015!` (#2)
   |
  ::: $DIR/issue-66693.rs:7:19
   |
LL | static _FOO: () = panic!(true);
   |                   ------------
   |                   |
   |                   in this macro invocation (#1)
   |                   in this macro invocation (#2)
  --> $SRC_DIR/std/src/macros.rs:LL:COL
   |
   = note: in this expansion of `panic!` (#1)

error: argument to `panic!()` in a const context must have type `&str`
  --> $SRC_DIR/std/src/panic.rs:LL:COL
   |
   = note: in this expansion of `$crate::panic::panic_2015!` (#2)
   |
  ::: $DIR/issue-66693.rs:11:5
   |
LL |     panic!(&1);
   |     ----------
   |     |
   |     in this macro invocation (#1)
   |     in this macro invocation (#2)
  --> $SRC_DIR/std/src/macros.rs:LL:COL
   |
   = note: in this expansion of `panic!` (#1)

error: aborting due to 3 previous errors

