error[E0204]: the trait `Copy` cannot be implemented for this type
  --> $DIR/range_traits-6.rs:3:10
   |
LL | #[derive(Copy, Clone)]
   |          ^^^^ in this derive macro expansion
LL | struct R(RangeInclusive<usize>);
   |          --------------------- this field does not implement `Copy`
  --> $SRC_DIR/core/src/marker.rs:LL:COL
   |
   = note: in this expansion of `#[derive(Copy)]`

error: aborting due to previous error

For more information about this error, try `rustc --explain E0204`.
