print-type-size type: `[generator@$DIR/generator_discr_placement.rs:12:13: 12:15]`: 8 bytes, alignment: 4 bytes
print-type-size     discriminant: 1 bytes
print-type-size     variant `Unresumed`: 0 bytes
print-type-size     variant `Suspend0`: 7 bytes
print-type-size         padding: 3 bytes
print-type-size         local `.w`: 4 bytes, alignment: 4 bytes
print-type-size     variant `Suspend1`: 7 bytes
print-type-size         padding: 3 bytes
print-type-size         local `.z`: 4 bytes, alignment: 4 bytes
print-type-size     variant `Returned`: 0 bytes
print-type-size     variant `Panicked`: 0 bytes
print-type-size type: `std::pin::Pin<&mut [generator@$DIR/generator_discr_placement.rs:12:13: 12:15]>`: 8 bytes, alignment: 8 bytes
print-type-size     field `.pointer`: 8 bytes
print-type-size type: `std::ops::GeneratorState<(), ()>`: 1 bytes, alignment: 1 bytes
print-type-size     discriminant: 1 bytes
print-type-size     variant `Yielded`: 0 bytes
print-type-size         field `.0`: 0 bytes
print-type-size     variant `Complete`: 0 bytes
print-type-size         field `.0`: 0 bytes
